[dotenv@17.2.3] injecting env (0) from .env -- tip: 🔐 encrypt with Dotenvx: https://dotenvx.com

[36m  Serving HTML report at http://localhost:55084. Press Ctrl+C to quit.[39m
